#####DATE
Content-Type=application/json
Transfer-Encoding=chunked
Connection=keep-alive
#####COOKIE
X-Cache=hit
Charset=UTF-8
Vary=Accept-Encoding
Access-Control-Allow-Origin=*
Server=cloudflare
#####CF-RAY
Content-Encoding=gzip
