status code: 200
headers: 
Date=Sun, 11 Aug 2019 19:26:14 GMT
Content-Type=application/json
Transfer-Encoding=chunked
Connection=keep-alive
Set-Cookie=__cfduid=d4ac0a437677c3d65a5014f7824ae21081565551574; expires=Mon, 10-Aug-20 19:26:14 GMT; path=/; domain=.zippopotam.us; HttpOnly
X-Cache=hit
Charset=UTF-8
Vary=Accept-Encoding
Access-Control-Allow-Origin=*
Server=cloudflare
CF-RAY=504c999ac9ede0ce-IAD
Content-Encoding=gzip
body: 
{
    "post code": "20500",
    "country": "United States",
    "country abbreviation": "US",
    "places": [
        {
            "place name": "Washington",
            "longitude": "-77.0355",
            "state": "District of Columbia",
            "state abbreviation": "DC",
            "latitude": "38.8946"
        }
    ]
}
